2026-09-04 20:23:23.715 Python[23473:44390166] ApplePersistenceIgnoreState: Existing state will not be touched. New state will be written to /var/folders/s_/_6kcd3r51pnbk8j5k2k3fsf80000gn/T/org.python.python.savedState
[ WARN:0@1.792] global cap_ffmpeg_impl.hpp:453 _opencv_ffmpeg_interrupt_callback Stream timeout triggered after 1008.330839 ms
[ WARN:0@1.792] global cap_ffmpeg_impl.hpp:453 _opencv_ffmpeg_interrupt_callback Stream timeout triggered after 1008.391880 ms
[ WARN:2@2.859] global cap_ffmpeg_impl.hpp:453 _opencv_ffmpeg_interrupt_callback Stream timeout triggered after 1031.665974 ms
[flv @ 0x82d1b1180] Packet mismatch 1426107160 11 80322
[ WARN:2@5.091] global cap_ffmpeg_impl.hpp:453 _opencv_ffmpeg_interrupt_callback Stream timeout triggered after 1017.971683 ms
[ WARN:2@5.091] global cap_ffmpeg_impl.hpp:453 _opencv_ffmpeg_interrupt_callback Stream timeout triggered after 1018.047933 ms
[ WARN:2@6.159] global cap_ffmpeg_impl.hpp:453 _opencv_ffmpeg_interrupt_callback Stream timeout triggered after 1028.525776 ms
[flv @ 0x82d1b1180] Packet mismatch 385923068 11 85174
[ WARN:2@8.392] global cap_ffmpeg_impl.hpp:453 _opencv_ffmpeg_interrupt_callback Stream timeout triggered after 1024.979204 ms
[ WARN:2@8.392] global cap_ffmpeg_impl.hpp:453 _opencv_ffmpeg_interrupt_callback Stream timeout triggered after 1025.020079 ms
[ WARN:2@9.425] global cap_ffmpeg_impl.hpp:453 _opencv_ffmpeg_interrupt_callback Stream timeout triggered after 1006.064220 ms
[flv @ 0x830bbd180] Packet mismatch -1509899073 11 72285
[ WARN:2@11.656] global cap_ffmpeg_impl.hpp:453 _opencv_ffmpeg_interrupt_callback Stream timeout triggered after 1014.556487 ms
[ WARN:2@11.656] global cap_ffmpeg_impl.hpp:453 _opencv_ffmpeg_interrupt_callback Stream timeout triggered after 1014.597528 ms
[ WARN:2@12.691] global cap_ffmpeg_impl.hpp:453 _opencv_ffmpeg_interrupt_callback Stream timeout triggered after 1008.760879 ms
[flv @ 0x830bbd180] Packet mismatch 939577729 11 77613
[ WARN:2@14.940] global cap_ffmpeg_impl.hpp:453 _opencv_ffmpeg_interrupt_callback Stream timeout triggered after 1032.761055 ms
[ WARN:2@14.940] global cap_ffmpeg_impl.hpp:453 _opencv_ffmpeg_interrupt_callback Stream timeout triggered after 1032.805972 ms
[flv @ 0x830bbd180] Packet mismatch -1275012416 11 86062
GUI_RESULT 0 38.13606524979696 1708
