[h264 @ 0xbd1980a80] missing picture in access unit with size 30
[h264 @ 0xbd1980e00] no frame!
[h264 @ 0xbd1980a80] missing picture in access unit with size 30
[h264 @ 0xbd1981180] no frame!
[h264 @ 0xbd1980a80] missing picture in access unit with size 30
[h264 @ 0xbd1981500] no frame!
[h264 @ 0xbd1980a80] missing picture in access unit with size 30
[h264 @ 0xbd1981880] no frame!
soft_barn_soak display error ratio 0.085 raw error ratio 0.091
[h264 @ 0xbd07a3100] missing picture in access unit with size 30
[h264 @ 0xbd07a3480] no frame!
[h264 @ 0xbd07a3100] missing picture in access unit with size 30
[h264 @ 0xbd07a3800] no frame!
[h264 @ 0xbd07a3100] missing picture in access unit with size 30
[h264 @ 0xbd07a3b80] no frame!
[h264 @ 0xbd07a3100] missing picture in access unit with size 30
[h264 @ 0xbd03c0000] no frame!
[h264 @ 0xbd07a3100] missing picture in access unit with size 30
[h264 @ 0xbd03c0380] no frame!
construction_facade display error ratio 0.196 raw error ratio 0.089
[h264 @ 0xbcef44700] missing picture in access unit with size 30
[h264 @ 0xbcef44e00] no frame!
[h264 @ 0xbcef44700] missing picture in access unit with size 30
[h264 @ 0xbcef45180] no frame!
[h264 @ 0xbcef44700] missing picture in access unit with size 30
[h264 @ 0xbcef45500] no frame!
[h264 @ 0xbcef44700] missing picture in access unit with size 30
[h264 @ 0xbcef45880] no frame!
[h264 @ 0xbcef44700] missing picture in access unit with size 30
[h264 @ 0xbcef45c00] no frame!
skyline_rail display error ratio 0.45 raw error ratio 0.087
PASS_METRICS_REVIEW_REQUIRED []
